// Jest Snapshot v1, https://goo.gl/fbAQLP

exports[`Button renders the Button component 1`] = `
<button
  class="button "
  type="button"
>
  Click Me
</button>
`;
